../Core/icode/tmotor/tmotor.c:19:5:can_send	32	static
../Core/icode/tmotor/tmotor.c:39:5:motor_enable	24	static
../Core/icode/tmotor/tmotor.c:70:5:motor_disable	24	static
../Core/icode/tmotor/tmotor.c:102:5:motor_setzero	24	static
../Core/icode/tmotor/tmotor.c:131:5:motor_init	16	static
../Core/icode/tmotor/tmotor.c:185:5:float_to_uint	32	static
../Core/icode/tmotor/tmotor.c:194:7:uint_to_float	32	static
../Core/icode/tmotor/tmotor.c:207:5:pack_TX	64	static
../Core/icode/tmotor/tmotor.c:247:15:unpack_RX	72	static
../Core/icode/tmotor/tmotor.c:264:6:motor_setdata	56	static
../Core/icode/tmotor/tmotor.c:297:6:motor_control	8	static
