F:/Lab/Legged robots/Hyleg/STM32/UP_TEST/Drivers/CMSIS/DSP/Inc/arm_math.h:5868:30:arm_sqrt_f32	16	static
../Math/common_math.c:7:7:sindw	16	static
../Math/common_math.c:11:7:cosdw	16	static
../Math/common_math.c:15:7:To_180_degreesw	16	static
../Math/common_math.c:20:7:To_360_degreesw	16	static
../Math/common_math.c:28:7:limitw	24	static
../Math/common_math.c:35:7:deadw	24	static
../Math/common_math.c:126:7:my_abs	16	static
../Math/common_math.c:136:7:fast_atan2	48	static
../Math/common_math.c:224:7:my_atan	16	static
../Math/common_math.c:229:7:my_pow	16	static
../Math/common_math.c:234:7:my_sqrt	32	static
../Math/common_math.c:254:8:mx_sin	24	static
../Math/common_math.c:268:8:my_sin	32	static
../Math/common_math.c:281:7:my_cos	32	static
../Math/common_math.c:295:7:my_deathzoom	24	static
../Math/common_math.c:317:7:my_deathzoom_2	24	static
../Math/common_math.c:333:7:my_deathzoom_rc	24	static
../Math/common_math.c:343:7:limit_mine	24	static
../Math/common_math.c:360:7:limit_mine2	32	static
../Math/common_math.c:376:7:To_180_degrees	16	static
../Math/common_math.c:381:7:my_pow_2_curve	24	static
../Math/common_math.c:393:7:fast_sqrt	32	static
../Math/common_math.c:409:7:cosd	16	static
../Math/common_math.c:418:7:tand	16	static
../Math/common_math.c:423:7:sqrtd	24	static
../Math/common_math.c:434:7:sind	16	static
../Math/common_math.c:443:7:dead	24	static
../Math/common_math.c:466:13:inv22	24	static
../Math/common_math.c:487:6:invet22	80	static
../Math/common_math.c:564:13:inv33	80	static
../Math/common_math.c:648:6:invet33	144	static
