../Core/icode/tmotor/tmotor.c:16:5:can_send	32	static
../Core/icode/tmotor/tmotor.c:36:5:motor_enable	24	static
../Core/icode/tmotor/tmotor.c:62:6:motor_enable_all	16	static
../Core/icode/tmotor/tmotor.c:88:5:motor_disable	24	static
../Core/icode/tmotor/tmotor.c:121:5:motor_setzero	24	static
../Core/icode/tmotor/tmotor.c:150:5:motor_init	16	static
../Core/icode/tmotor/tmotor.c:212:5:float_to_uint	32	static
../Core/icode/tmotor/tmotor.c:221:7:uint_to_float	32	static
../Core/icode/tmotor/tmotor.c:234:5:pack_TX	64	static
../Core/icode/tmotor/tmotor.c:274:15:unpack_RX	72	static
../Core/icode/tmotor/tmotor.c:291:6:motor_setdata	56	static
../Core/icode/tmotor/tmotor.c:302:6:motor_control	8	static
../Core/icode/tmotor/tmotor.c:310:5:motor_limits	16	static
