../Core/icode/trajectory/trajectory.c:19:8:FK	40	static
../Core/icode/trajectory/trajectory.c:38:8:IK	80	static
../Core/icode/trajectory/trajectory.c:59:6:trajectory	112	static
../Core/icode/trajectory/trajectory.c:88:6:trajectory_left	96	static
../Core/icode/trajectory/trajectory.c:131:6:trajectory_right	104	static
../Core/icode/trajectory/trajectory.c:175:6:trajectory_circle	104	static
../Core/icode/trajectory/trajectory.c:200:6:trajectory_square	112	static
../Core/icode/trajectory/trajectory.c:235:6:trajectory_horizontal	112	static
../Core/icode/trajectory/trajectory.c:269:6:trajectory_vertiacal	120	static
../Core/icode/trajectory/trajectory.c:303:6:trajectory_offset	24	static
../Core/icode/trajectory/trajectory.c:319:6:trajectory_walk	8	static
../Core/icode/trajectory/trajectory.c:325:6:change_H	32	static
