../Core/icode/imu/imu.c:21:6:Lis3mdl_SPI_WR	16	static
../Core/icode/imu/imu.c:30:6:SPI_BufferRead	32	static
../Core/icode/imu/imu.c:52:6:LSM6_readAcc	24	static
../Core/icode/imu/imu.c:72:6:LSM6_readGyro	24	static
../Core/icode/imu/imu.c:89:6:DS33_Init	16	static
../Core/icode/imu/imu.c:108:8:spi2_read_write_byte	24	static
../Core/icode/imu/imu.c:116:9:spi2_write_reg	16	static
../Core/icode/imu/imu.c:124:9:spi2_read_reg	16	static
../Core/icode/imu/imu.c:130:9:spi2_read_reg_buffer	24	static
../Core/icode/imu/imu.c:155:9:icm20602_write_reg	16	static
../Core/icode/imu/imu.c:169:9:icm20602_read_reg	24	static
../Core/icode/imu/imu.c:184:9:icm20602_read_buffer	16	static
../Core/icode/imu/imu.c:198:9:icm20602_init	16	static
../Core/icode/imu/imu.c:243:9:icm20602_set_accel_fullscale	16	static
../Core/icode/imu/imu.c:275:9:icm20602_set_gyro_fullscale	16	static
../Core/icode/imu/imu.c:304:9:icm20602_get_accel_adc	16	static
../Core/icode/imu/imu.c:339:9:icm20602_get_gyro_adc	16	static
../Core/icode/imu/imu.c:372:7:icm20602_get_temp	16	static
