../Core/Src/spi.c:31:6:MX_SPI2_Init	8	static
../Core/Src/spi.c:62:6:MX_SPI3_Init	8	static
../Core/Src/spi.c:94:6:HAL_SPI_MspInit	56	static
../Core/Src/spi.c:153:6:HAL_SPI_MspDeInit	16	static
../Core/Src/spi.c:204:9:Spi_RW	32	static
../Core/Src/spi.c:221:6:SPI_Receive	32	static
../Core/Src/spi.c:229:6:SPI_CS	16	static
../Core/Src/spi.c:288:9:SPI_Send_Byte	32	static
../Core/Src/spi.c:295:13:setDataInt_spi	16	static
../Core/Src/spi.c:303:13:setDataFloat_spi	24	static
../Core/Src/spi.c:313:14:floatFromData_spi	24	static
../Core/Src/spi.c:325:14:floatFromData_spi_int	32	static
../Core/Src/spi.c:333:13:charFromData_spi	24	static
../Core/Src/spi.c:340:12:intFromData_spi	24	static
../Core/Src/spi.c:352:6:slave_send	24	static
../Core/Src/spi.c:376:6:slave_rx	24	static
../Core/Src/spi.c:417:6:HAL_SPI_TxRxCpltCallback	16	static
