../Core/icode/tmotor/tmotor.c:17:5:can_send	32	static
../Core/icode/tmotor/tmotor.c:37:5:motor_enable	24	static
../Core/icode/tmotor/tmotor.c:65:6:motor_enable_all	16	static
../Core/icode/tmotor/tmotor.c:90:5:motor_disable	24	static
../Core/icode/tmotor/tmotor.c:127:5:motor_setzero	24	static
../Core/icode/tmotor/tmotor.c:159:5:motor_init	16	static
../Core/icode/tmotor/tmotor.c:263:5:float_to_uint	32	static
../Core/icode/tmotor/tmotor.c:272:7:uint_to_float	32	static
../Core/icode/tmotor/tmotor.c:285:5:pack_TX	64	static
../Core/icode/tmotor/tmotor.c:324:15:unpack_RX	80	static
../Core/icode/tmotor/tmotor.c:347:6:motor_setdata	56	static
../Core/icode/tmotor/tmotor.c:362:6:motor_control	8	static
../Core/icode/tmotor/tmotor.c:380:5:motor_limit	24	static
../Core/icode/tmotor/tmotor.c:425:5:motor_setdes	24	static
